// Jest Snapshot v1, https://goo.gl/fbAQLP

exports[`should render expense list with expense  1`] = `
<div>
  <ExpenseListItem
    amount={195}
    createdAt={0}
    description="gum"
    id="1"
    key="1"
  />
  <ExpenseListItem
    amount={2000000}
    createdAt={-345600000}
    description="rent"
    id="2"
    key="2"
  />
  <ExpenseListItem
    amount={4500}
    createdAt={345600000}
    description="credit card"
    id="3"
    key="3"
  />
</div>
`;

exports[`should render expense list without expense  1`] = `
<div>
  <p>
     no expenses to show
  </p>
</div>
`;
