// Jest Snapshot v1, https://goo.gl/fbAQLP

exports[`should render ExpenseDashboardPage correctly 1`] = `
<div>
  <Connect(ExpensesSummery) />
  <h4>
    search here:
  </h4>
  <Connect(ExpenseListFilters) />
  <Connect(ExpenseList) />
</div>
`;
